2026-07-16 08:58:25,285 INFO gateway.run: Starting Hermes Gateway...
2026-07-16 08:58:25,285 INFO gateway.run: Session storage: /opt/data/profiles/h01/sessions
2026-07-16 08:58:25,287 INFO gateway.run: Agent budget: max_iterations=90 (agent.max_turns from config.yaml, or HERMES_MAX_ITERATIONS from .env, or default 90)
2026-07-16 08:58:25,287 INFO gateway.run: Secret redaction: ENABLED (tool output, logs, and chat responses are scrubbed before delivery)
2026-07-16 08:58:25,288 INFO gateway.run: Active profile: h01
2026-07-16 08:58:25,314 WARNING gateway.run: No env user allowlists configured. Messaging platforms default to pairing/allowlist policies and will deny unknown senders unless you configure platform allowlists (e.g., TELEGRAM_ALLOWED_USERS=your_id) or explicitly opt in with GATEWAY_ALLOW_ALL_USERS=true plus dm_policy/group_policy: open on the platform.
2026-07-16 08:58:25,481 INFO gateway.run: Connecting to api_server...
2026-07-16 08:58:25,511 WARNING gateway.platforms.api_server: [Api_Server] API server is network-accessible (0.0.0.0) AND the terminal backend is 'local' (unsandboxed). Agent work dispatched through this endpoint runs as the host user with full terminal/file access. Strongly consider a sandboxed backend (terminal.backend: docker) and firewalling this port to trusted networks only.
2026-07-16 08:58:25,533 INFO gateway.platforms.api_server: [Api_Server] API server listening on http://0.0.0.0:8642 (model: h01)
2026-07-16 08:58:25,594 INFO gateway.run: ✓ api_server connected
2026-07-16 08:58:25,611 INFO gateway.run: Gateway running with 1 platform(s)
2026-07-16 08:58:25,624 INFO gateway.run: Channel directory built: 0 target(s)
2026-07-16 08:58:26,627 INFO gateway.run: Press Ctrl+C to stop
2026-07-16 08:58:26,643 INFO gateway.run: Gateway housekeeping started (interval=60s)
2026-07-16 08:58:26,674 INFO gateway.run: kanban dispatcher: holding singleton dispatcher lock (/opt/data/kanban/.dispatcher.lock)
2026-07-16 08:58:31,675 INFO gateway.run: kanban dispatcher: embedded in gateway (interval=60.0s)
2026-07-16 08:59:43,425 INFO gateway.run: Received SIGTERM — initiating shutdown
2026-07-16 08:59:43,425 WARNING gateway.run: Shutdown context: signal=SIGTERM under_systemd=no parent_pid=? parent_name=? loadavg_1m=0.26 parent_cmdline='(unknown)'
2026-07-16 08:59:43,429 INFO gateway.run: Stopping gateway...
2026-07-16 08:59:43,429 INFO gateway.run: Shutdown phase: notify_active_sessions done at +0.00s
2026-07-16 08:59:43,460 INFO gateway.run: Shutdown phase: drain done at +0.03s (drain took 0.03s, timed_out=False, active_at_start=0, active_now=0, cron_at_start=0, cron_now=0)
2026-07-16 08:59:43,508 INFO gateway.platforms.api_server: [Api_Server] API server stopped
2026-07-16 08:59:43,508 INFO gateway.run: ✓ api_server disconnected (0.05s)
2026-07-16 08:59:43,508 INFO gateway.run: Shutdown phase: all adapters disconnected at +0.08s
2026-07-16 08:59:43,643 INFO gateway.run: Shutdown phase: final-cleanup tool kill done at +0.21s
2026-07-16 08:59:43,686 INFO gateway.run: Shutdown phase: SessionDB close done at +0.26s
2026-07-16 08:59:43,690 INFO gateway.run: Gateway stopped by an unexpected signal — persisting gateway_state=running so container_boot auto-starts on the next boot (issue #42675)
2026-07-16 08:59:43,718 INFO gateway.run: Gateway stopped (total teardown 0.29s)
2026-07-16 08:59:43,719 INFO gateway.run: Gateway housekeeping stopped
2026-07-16 08:59:43,821 INFO gateway.run: Exiting with code 1 (signal-initiated shutdown without restart request) so systemd Restart=on-failure can revive the gateway.
2026-07-16 08:59:54,361 INFO gateway.run: Starting Hermes Gateway...
2026-07-16 08:59:54,361 INFO gateway.run: Session storage: /opt/data/profiles/h01/sessions
2026-07-16 08:59:54,363 INFO gateway.run: Agent budget: max_iterations=90 (agent.max_turns from config.yaml, or HERMES_MAX_ITERATIONS from .env, or default 90)
2026-07-16 08:59:54,363 INFO gateway.run: Secret redaction: ENABLED (tool output, logs, and chat responses are scrubbed before delivery)
2026-07-16 08:59:54,364 INFO gateway.run: Active profile: h01
2026-07-16 08:59:54,382 WARNING gateway.run: No env user allowlists configured. Messaging platforms default to pairing/allowlist policies and will deny unknown senders unless you configure platform allowlists (e.g., TELEGRAM_ALLOWED_USERS=your_id) or explicitly opt in with GATEWAY_ALLOW_ALL_USERS=true plus dm_policy/group_policy: open on the platform.
2026-07-16 08:59:54,398 INFO gateway.run: Previous gateway exited cleanly — skipping session suspension
2026-07-16 08:59:54,490 INFO gateway.run: Connecting to api_server...
2026-07-16 08:59:54,513 WARNING gateway.platforms.api_server: [Api_Server] API server is network-accessible (0.0.0.0) AND the terminal backend is 'local' (unsandboxed). Agent work dispatched through this endpoint runs as the host user with full terminal/file access. Strongly consider a sandboxed backend (terminal.backend: docker) and firewalling this port to trusted networks only.
2026-07-16 08:59:54,536 INFO gateway.platforms.api_server: [Api_Server] API server listening on http://0.0.0.0:8641 (model: h01)
2026-07-16 08:59:54,564 INFO gateway.run: ✓ api_server connected
2026-07-16 08:59:54,581 INFO gateway.run: Gateway running with 1 platform(s)
2026-07-16 08:59:54,607 INFO gateway.run: Channel directory built: 0 target(s)
2026-07-16 08:59:55,620 INFO gateway.run: Press Ctrl+C to stop
2026-07-16 08:59:55,658 INFO gateway.run: Gateway housekeeping started (interval=60s)
2026-07-16 08:59:55,687 INFO gateway.run: kanban dispatcher: holding singleton dispatcher lock (/opt/data/kanban/.dispatcher.lock)
2026-07-16 09:00:00,687 INFO gateway.run: kanban dispatcher: embedded in gateway (interval=60.0s)
2026-07-16 09:00:15,871 WARNING gateway.platforms.api_server: API server rejected invalid API key: remote='172.20.0.1' peer_ip='172.20.0.1' method='POST' path='/v1/responses' user_agent='curl/8.21.0'
2026-07-16 09:00:34,863 WARNING gateway.platforms.api_server: API server rejected invalid API key: remote='172.20.0.1' peer_ip='172.20.0.1' method='POST' path='/v1/responses' user_agent='curl/8.21.0'
2026-07-16 09:01:16,591 INFO gateway.run: Received SIGTERM — initiating shutdown
2026-07-16 09:01:16,591 WARNING gateway.run: Shutdown context: signal=SIGTERM under_systemd=no parent_pid=? parent_name=? loadavg_1m=0.08 parent_cmdline='(unknown)'
2026-07-16 09:01:16,595 INFO gateway.run: Stopping gateway...
2026-07-16 09:01:16,595 INFO gateway.run: Shutdown phase: notify_active_sessions done at +0.00s
2026-07-16 09:01:16,635 INFO gateway.run: Shutdown phase: drain done at +0.04s (drain took 0.04s, timed_out=False, active_at_start=0, active_now=0, cron_at_start=0, cron_now=0)
2026-07-16 09:01:16,652 INFO gateway.platforms.api_server: [Api_Server] API server stopped
2026-07-16 09:01:16,652 INFO gateway.run: ✓ api_server disconnected (0.02s)
2026-07-16 09:01:16,652 INFO gateway.run: Shutdown phase: all adapters disconnected at +0.06s
2026-07-16 09:01:16,889 INFO gateway.run: Shutdown phase: final-cleanup tool kill done at +0.29s
2026-07-16 09:01:16,894 INFO gateway.run: Shutdown phase: SessionDB close done at +0.30s
2026-07-16 09:01:16,897 INFO gateway.run: Gateway stopped by an unexpected signal — persisting gateway_state=running so container_boot auto-starts on the next boot (issue #42675)
2026-07-16 09:01:16,917 INFO gateway.run: Gateway stopped (total teardown 0.32s)
2026-07-16 09:01:16,918 INFO gateway.run: Gateway housekeeping stopped
2026-07-16 09:01:17,018 INFO gateway.run: Exiting with code 1 (signal-initiated shutdown without restart request) so systemd Restart=on-failure can revive the gateway.
2026-07-16 09:01:27,760 INFO gateway.run: Starting Hermes Gateway...
2026-07-16 09:01:27,760 INFO gateway.run: Session storage: /opt/data/profiles/h01/sessions
2026-07-16 09:01:27,840 INFO gateway.run: Agent budget: max_iterations=90 (agent.max_turns from config.yaml, or HERMES_MAX_ITERATIONS from .env, or default 90)
2026-07-16 09:01:27,841 INFO gateway.run: Secret redaction: ENABLED (tool output, logs, and chat responses are scrubbed before delivery)
2026-07-16 09:01:27,842 INFO gateway.run: Active profile: h01
2026-07-16 09:01:27,878 WARNING gateway.run: No env user allowlists configured. Messaging platforms default to pairing/allowlist policies and will deny unknown senders unless you configure platform allowlists (e.g., TELEGRAM_ALLOWED_USERS=your_id) or explicitly opt in with GATEWAY_ALLOW_ALL_USERS=true plus dm_policy/group_policy: open on the platform.
2026-07-16 09:01:27,901 INFO gateway.run: Previous gateway exited cleanly — skipping session suspension
2026-07-16 09:01:28,003 INFO gateway.run: Connecting to api_server...
2026-07-16 09:01:28,027 WARNING gateway.platforms.api_server: [Api_Server] API server is network-accessible (0.0.0.0) AND the terminal backend is 'local' (unsandboxed). Agent work dispatched through this endpoint runs as the host user with full terminal/file access. Strongly consider a sandboxed backend (terminal.backend: docker) and firewalling this port to trusted networks only.
2026-07-16 09:01:28,049 INFO gateway.platforms.api_server: [Api_Server] API server listening on http://0.0.0.0:8641 (model: h01)
2026-07-16 09:01:28,079 INFO gateway.run: ✓ api_server connected
2026-07-16 09:01:28,108 INFO gateway.run: Gateway running with 1 platform(s)
2026-07-16 09:01:28,135 INFO gateway.run: Channel directory built: 0 target(s)
2026-07-16 09:01:29,142 INFO gateway.run: Press Ctrl+C to stop
2026-07-16 09:01:29,188 INFO gateway.run: Gateway housekeeping started (interval=60s)
2026-07-16 09:01:29,220 INFO gateway.run: kanban dispatcher: holding singleton dispatcher lock (/opt/data/kanban/.dispatcher.lock)
2026-07-16 09:01:34,222 INFO gateway.run: kanban dispatcher: embedded in gateway (interval=60.0s)
2026-07-16 09:01:34,494 WARNING gateway.platforms.api_server: API server rejected invalid API key: remote='172.20.0.1' peer_ip='172.20.0.1' method='POST' path='/v1/responses' user_agent='curl/8.21.0'
2026-07-16 09:01:42,276 WARNING gateway.platforms.api_server: API server rejected invalid API key: remote='172.20.0.1' peer_ip='172.20.0.1' method='POST' path='/v1/responses' user_agent='curl/8.21.0'
2026-07-16 09:02:02,537 INFO gateway.run: Received SIGTERM — initiating shutdown
2026-07-16 09:02:02,537 WARNING gateway.run: Shutdown context: signal=SIGTERM under_systemd=no parent_pid=? parent_name=? loadavg_1m=0.17 parent_cmdline='(unknown)'
2026-07-16 09:02:02,541 INFO gateway.run: Stopping gateway...
2026-07-16 09:02:02,541 INFO gateway.run: Shutdown phase: notify_active_sessions done at +0.00s
2026-07-16 09:02:02,579 INFO gateway.run: Shutdown phase: drain done at +0.04s (drain took 0.04s, timed_out=False, active_at_start=0, active_now=0, cron_at_start=0, cron_now=0)
2026-07-16 09:02:02,605 INFO gateway.platforms.api_server: [Api_Server] API server stopped
2026-07-16 09:02:02,605 INFO gateway.run: ✓ api_server disconnected (0.03s)
2026-07-16 09:02:02,605 INFO gateway.run: Shutdown phase: all adapters disconnected at +0.06s
2026-07-16 09:02:02,731 INFO gateway.run: Shutdown phase: final-cleanup tool kill done at +0.19s
2026-07-16 09:02:02,735 INFO gateway.run: Shutdown phase: SessionDB close done at +0.19s
2026-07-16 09:02:02,738 INFO gateway.run: Gateway stopped by an unexpected signal — persisting gateway_state=running so container_boot auto-starts on the next boot (issue #42675)
2026-07-16 09:02:02,765 INFO gateway.run: Gateway stopped (total teardown 0.22s)
2026-07-16 09:02:02,765 INFO gateway.run: Gateway housekeeping stopped
2026-07-16 09:02:02,866 INFO gateway.run: Exiting with code 1 (signal-initiated shutdown without restart request) so systemd Restart=on-failure can revive the gateway.
2026-07-16 09:02:12,755 INFO gateway.run: Starting Hermes Gateway...
2026-07-16 09:02:12,755 INFO gateway.run: Session storage: /opt/data/profiles/h01/sessions
2026-07-16 09:02:12,757 INFO gateway.run: Agent budget: max_iterations=90 (agent.max_turns from config.yaml, or HERMES_MAX_ITERATIONS from .env, or default 90)
2026-07-16 09:02:12,757 INFO gateway.run: Secret redaction: ENABLED (tool output, logs, and chat responses are scrubbed before delivery)
2026-07-16 09:02:12,758 INFO gateway.run: Active profile: h01
2026-07-16 09:02:12,785 WARNING gateway.run: No env user allowlists configured. Messaging platforms default to pairing/allowlist policies and will deny unknown senders unless you configure platform allowlists (e.g., TELEGRAM_ALLOWED_USERS=your_id) or explicitly opt in with GATEWAY_ALLOW_ALL_USERS=true plus dm_policy/group_policy: open on the platform.
2026-07-16 09:02:12,809 INFO gateway.run: Previous gateway exited cleanly — skipping session suspension
2026-07-16 09:02:12,899 INFO gateway.run: Connecting to api_server...
2026-07-16 09:02:12,947 WARNING gateway.platforms.api_server: [Api_Server] API server is network-accessible (0.0.0.0) AND the terminal backend is 'local' (unsandboxed). Agent work dispatched through this endpoint runs as the host user with full terminal/file access. Strongly consider a sandboxed backend (terminal.backend: docker) and firewalling this port to trusted networks only.
2026-07-16 09:02:12,968 INFO gateway.platforms.api_server: [Api_Server] API server listening on http://0.0.0.0:8641 (model: h01)
2026-07-16 09:02:12,990 INFO gateway.run: ✓ api_server connected
2026-07-16 09:02:13,001 INFO gateway.run: Gateway running with 1 platform(s)
2026-07-16 09:02:13,018 INFO gateway.run: Channel directory built: 0 target(s)
2026-07-16 09:02:14,033 INFO gateway.run: Press Ctrl+C to stop
2026-07-16 09:02:14,057 INFO gateway.run: Gateway housekeeping started (interval=60s)
2026-07-16 09:02:14,089 INFO gateway.run: kanban dispatcher: holding singleton dispatcher lock (/opt/data/kanban/.dispatcher.lock)
2026-07-16 09:02:19,089 INFO gateway.run: kanban dispatcher: embedded in gateway (interval=60.0s)
2026-07-16 09:02:19,782 WARNING gateway.platforms.api_server: API server rejected invalid API key: remote='172.20.0.1' peer_ip='172.20.0.1' method='POST' path='/v1/responses' user_agent='curl/8.21.0'
2026-07-16 09:02:35,645 WARNING gateway.platforms.api_server: API server rejected invalid API key: remote='172.20.0.1' peer_ip='172.20.0.1' method='POST' path='/v1/responses' user_agent='curl/8.21.0'
2026-07-16 09:03:20,146 INFO gateway.run: Received SIGTERM — initiating shutdown
2026-07-16 09:03:20,146 WARNING gateway.run: Shutdown context: signal=SIGTERM under_systemd=no parent_pid=? parent_name=? loadavg_1m=0.34 parent_cmdline='(unknown)'
2026-07-16 09:03:20,149 INFO gateway.run: Stopping gateway...
2026-07-16 09:03:20,150 INFO gateway.run: Shutdown phase: notify_active_sessions done at +0.00s
2026-07-16 09:03:20,175 INFO gateway.run: Shutdown phase: drain done at +0.03s (drain took 0.03s, timed_out=False, active_at_start=0, active_now=0, cron_at_start=0, cron_now=0)
2026-07-16 09:03:20,195 INFO gateway.platforms.api_server: [Api_Server] API server stopped
2026-07-16 09:03:20,195 INFO gateway.run: ✓ api_server disconnected (0.02s)
2026-07-16 09:03:20,195 INFO gateway.run: Shutdown phase: all adapters disconnected at +0.05s
2026-07-16 09:03:20,338 INFO gateway.run: Shutdown phase: final-cleanup tool kill done at +0.19s
2026-07-16 09:03:20,346 INFO gateway.run: Shutdown phase: SessionDB close done at +0.20s
2026-07-16 09:03:20,351 INFO gateway.run: Gateway stopped by an unexpected signal — persisting gateway_state=running so container_boot auto-starts on the next boot (issue #42675)
2026-07-16 09:03:20,375 INFO gateway.run: Gateway stopped (total teardown 0.23s)
2026-07-16 09:03:20,375 INFO gateway.run: Gateway housekeeping stopped
2026-07-16 09:03:20,476 INFO gateway.run: Exiting with code 1 (signal-initiated shutdown without restart request) so systemd Restart=on-failure can revive the gateway.
2026-07-16 09:03:45,703 INFO gateway.run: Starting Hermes Gateway...
2026-07-16 09:03:45,703 INFO gateway.run: Session storage: /opt/data/profiles/h01/sessions
2026-07-16 09:03:45,705 INFO gateway.run: Agent budget: max_iterations=90 (agent.max_turns from config.yaml, or HERMES_MAX_ITERATIONS from .env, or default 90)
2026-07-16 09:03:45,705 INFO gateway.run: Secret redaction: ENABLED (tool output, logs, and chat responses are scrubbed before delivery)
2026-07-16 09:03:45,706 INFO gateway.run: Active profile: h01
2026-07-16 09:03:45,744 INFO gateway.run: Previous gateway exited cleanly — skipping session suspension
2026-07-16 09:03:45,846 INFO gateway.run: Connecting to api_server...
2026-07-16 09:03:45,919 WARNING gateway.platforms.api_server: [Api_Server] API server is network-accessible (0.0.0.0) AND the terminal backend is 'local' (unsandboxed). Agent work dispatched through this endpoint runs as the host user with full terminal/file access. Strongly consider a sandboxed backend (terminal.backend: docker) and firewalling this port to trusted networks only.
2026-07-16 09:03:45,939 INFO gateway.platforms.api_server: [Api_Server] API server listening on http://0.0.0.0:8642 (model: h01)
2026-07-16 09:03:45,994 INFO gateway.run: ✓ api_server connected
2026-07-16 09:03:46,008 INFO gateway.run: Gateway running with 1 platform(s)
2026-07-16 09:03:46,022 INFO gateway.run: Channel directory built: 0 target(s)
2026-07-16 09:03:47,040 INFO gateway.run: Press Ctrl+C to stop
2026-07-16 09:03:47,060 INFO gateway.run: Gateway housekeeping started (interval=60s)
2026-07-16 09:03:47,087 INFO gateway.run: kanban dispatcher: holding singleton dispatcher lock (/opt/data/kanban/.dispatcher.lock)
2026-07-16 09:03:52,088 INFO gateway.run: kanban dispatcher: embedded in gateway (interval=60.0s)
2026-07-16 09:06:44,512 WARNING gateway.platforms.api_server: API server rejected invalid API key: remote='172.20.0.1' peer_ip='172.20.0.1' method='POST' path='/v1/responses' user_agent='curl/7.81.0'
2026-07-16 09:11:43,577 WARNING gateway.platforms.api_server: API server rejected invalid API key: remote='172.20.0.1' peer_ip='172.20.0.1' method='POST' path='/v1/responses' user_agent='curl/7.81.0'
2026-07-16 09:12:25,566 WARNING gateway.platforms.api_server: API server rejected invalid API key: remote='172.20.0.1' peer_ip='172.20.0.1' method='POST' path='/v1/responses' user_agent='curl/8.21.0'
2026-07-16 09:20:00,657 INFO gateway.run: Received SIGTERM — initiating shutdown
2026-07-16 09:20:00,657 WARNING gateway.run: Shutdown context: signal=SIGTERM under_systemd=no parent_pid=? parent_name=? loadavg_1m=0.09 parent_cmdline='(unknown)'
2026-07-16 09:20:00,661 INFO gateway.run: Stopping gateway...
2026-07-16 09:20:00,662 INFO gateway.run: Shutdown phase: notify_active_sessions done at +0.00s
2026-07-16 09:20:00,693 INFO gateway.run: Shutdown phase: drain done at +0.03s (drain took 0.03s, timed_out=False, active_at_start=0, active_now=0, cron_at_start=0, cron_now=0)
2026-07-16 09:20:00,718 INFO gateway.platforms.api_server: [Api_Server] API server stopped
2026-07-16 09:20:00,719 INFO gateway.run: ✓ api_server disconnected (0.02s)
2026-07-16 09:20:00,719 INFO gateway.run: Shutdown phase: all adapters disconnected at +0.06s
2026-07-16 09:20:00,860 INFO gateway.run: Shutdown phase: final-cleanup tool kill done at +0.20s
2026-07-16 09:20:00,875 INFO gateway.run: Shutdown phase: SessionDB close done at +0.21s
2026-07-16 09:20:00,879 INFO gateway.run: Gateway stopped by an unexpected signal — persisting gateway_state=running so container_boot auto-starts on the next boot (issue #42675)
2026-07-16 09:20:00,910 INFO gateway.run: Gateway stopped (total teardown 0.25s)
2026-07-16 09:20:00,910 INFO gateway.run: Gateway housekeeping stopped
2026-07-16 09:20:01,011 INFO gateway.run: Exiting with code 1 (signal-initiated shutdown without restart request) so systemd Restart=on-failure can revive the gateway.
2026-07-16 09:20:11,656 INFO gateway.run: Starting Hermes Gateway...
2026-07-16 09:20:11,656 INFO gateway.run: Session storage: /opt/data/profiles/h01/sessions
2026-07-16 09:20:11,658 INFO gateway.run: Agent budget: max_iterations=90 (agent.max_turns from config.yaml, or HERMES_MAX_ITERATIONS from .env, or default 90)
2026-07-16 09:20:11,658 INFO gateway.run: Secret redaction: ENABLED (tool output, logs, and chat responses are scrubbed before delivery)
2026-07-16 09:20:11,659 INFO gateway.run: Active profile: h01
2026-07-16 09:20:11,706 INFO gateway.run: Previous gateway exited cleanly — skipping session suspension
2026-07-16 09:20:11,812 INFO gateway.run: Connecting to api_server...
2026-07-16 09:20:11,876 WARNING gateway.platforms.api_server: [Api_Server] API server is network-accessible (0.0.0.0) AND the terminal backend is 'local' (unsandboxed). Agent work dispatched through this endpoint runs as the host user with full terminal/file access. Strongly consider a sandboxed backend (terminal.backend: docker) and firewalling this port to trusted networks only.
2026-07-16 09:20:11,913 INFO gateway.platforms.api_server: [Api_Server] API server listening on http://0.0.0.0:8642 (model: h01)
2026-07-16 09:20:11,966 INFO gateway.run: ✓ api_server connected
2026-07-16 09:20:11,998 INFO gateway.run: Gateway running with 1 platform(s)
2026-07-16 09:20:12,047 INFO gateway.run: Channel directory built: 0 target(s)
2026-07-16 09:20:13,055 INFO gateway.run: Press Ctrl+C to stop
2026-07-16 09:20:13,079 INFO gateway.run: Gateway housekeeping started (interval=60s)
2026-07-16 09:20:13,114 INFO gateway.run: kanban dispatcher: holding singleton dispatcher lock (/opt/data/kanban/.dispatcher.lock)
2026-07-16 09:20:15,637 WARNING gateway.platforms.api_server: API server rejected invalid API key: remote='172.20.0.1' peer_ip='172.20.0.1' method='POST' path='/v1/responses' user_agent='curl/8.21.0'
2026-07-16 09:20:18,115 INFO gateway.run: kanban dispatcher: embedded in gateway (interval=60.0s)
2026-07-16 09:20:36,593 INFO gateway.run: Received SIGTERM — initiating shutdown
2026-07-16 09:20:36,594 WARNING gateway.run: Shutdown context: signal=SIGTERM under_systemd=no parent_pid=? parent_name=? loadavg_1m=0.15 parent_cmdline='(unknown)'
2026-07-16 09:20:36,595 INFO gateway.run: Stopping gateway...
2026-07-16 09:20:36,595 INFO gateway.run: Shutdown phase: notify_active_sessions done at +0.00s
2026-07-16 09:20:36,622 INFO gateway.run: Shutdown phase: drain done at +0.03s (drain took 0.03s, timed_out=False, active_at_start=0, active_now=0, cron_at_start=0, cron_now=0)
2026-07-16 09:20:36,650 INFO gateway.platforms.api_server: [Api_Server] API server stopped
2026-07-16 09:20:36,650 INFO gateway.run: ✓ api_server disconnected (0.03s)
2026-07-16 09:20:36,650 INFO gateway.run: Shutdown phase: all adapters disconnected at +0.06s
2026-07-16 09:20:36,779 INFO gateway.run: Shutdown phase: final-cleanup tool kill done at +0.18s
2026-07-16 09:20:36,784 INFO gateway.run: Shutdown phase: SessionDB close done at +0.19s
2026-07-16 09:20:36,789 INFO gateway.run: Gateway stopped by an unexpected signal — persisting gateway_state=running so container_boot auto-starts on the next boot (issue #42675)
2026-07-16 09:20:36,819 INFO gateway.run: Gateway stopped (total teardown 0.22s)
2026-07-16 09:20:36,819 INFO gateway.run: Gateway housekeeping stopped
2026-07-16 09:20:36,920 INFO gateway.run: Exiting with code 1 (signal-initiated shutdown without restart request) so systemd Restart=on-failure can revive the gateway.
2026-07-16 09:20:47,969 INFO gateway.run: Starting Hermes Gateway...
2026-07-16 09:20:47,969 INFO gateway.run: Session storage: /opt/data/profiles/h01/sessions
2026-07-16 09:20:47,970 INFO gateway.run: Agent budget: max_iterations=90 (agent.max_turns from config.yaml, or HERMES_MAX_ITERATIONS from .env, or default 90)
2026-07-16 09:20:47,970 INFO gateway.run: Secret redaction: ENABLED (tool output, logs, and chat responses are scrubbed before delivery)
2026-07-16 09:20:47,972 INFO gateway.run: Active profile: h01
2026-07-16 09:20:48,017 INFO gateway.run: Previous gateway exited cleanly — skipping session suspension
2026-07-16 09:20:48,116 INFO gateway.run: Connecting to api_server...
2026-07-16 09:20:48,150 WARNING gateway.platforms.api_server: [Api_Server] API server is network-accessible (0.0.0.0) AND the terminal backend is 'local' (unsandboxed). Agent work dispatched through this endpoint runs as the host user with full terminal/file access. Strongly consider a sandboxed backend (terminal.backend: docker) and firewalling this port to trusted networks only.
2026-07-16 09:20:48,182 INFO gateway.platforms.api_server: [Api_Server] API server listening on http://0.0.0.0:8642 (model: h01)
2026-07-16 09:20:48,235 INFO gateway.run: ✓ api_server connected
2026-07-16 09:20:48,263 INFO gateway.run: Gateway running with 1 platform(s)
2026-07-16 09:20:48,288 INFO gateway.run: Channel directory built: 0 target(s)
2026-07-16 09:20:49,294 INFO gateway.run: Press Ctrl+C to stop
2026-07-16 09:20:49,327 INFO gateway.run: Gateway housekeeping started (interval=60s)
2026-07-16 09:20:49,373 INFO gateway.run: kanban dispatcher: holding singleton dispatcher lock (/opt/data/kanban/.dispatcher.lock)
2026-07-16 09:20:54,374 INFO gateway.run: kanban dispatcher: embedded in gateway (interval=60.0s)
2026-07-16 09:21:12,283 INFO gateway.run: Received SIGTERM — initiating shutdown
2026-07-16 09:21:12,283 WARNING gateway.run: Shutdown context: signal=SIGTERM under_systemd=no parent_pid=? parent_name=? loadavg_1m=0.19 parent_cmdline='(unknown)'
2026-07-16 09:21:12,286 INFO gateway.run: Stopping gateway...
2026-07-16 09:21:12,286 INFO gateway.run: Shutdown phase: notify_active_sessions done at +0.00s
2026-07-16 09:21:12,304 INFO gateway.run: Shutdown phase: drain done at +0.02s (drain took 0.02s, timed_out=False, active_at_start=0, active_now=0, cron_at_start=0, cron_now=0)
2026-07-16 09:21:12,330 INFO gateway.platforms.api_server: [Api_Server] API server stopped
2026-07-16 09:21:12,330 INFO gateway.run: ✓ api_server disconnected (0.03s)
2026-07-16 09:21:12,330 INFO gateway.run: Shutdown phase: all adapters disconnected at +0.04s
2026-07-16 09:21:12,470 INFO gateway.run: Shutdown phase: final-cleanup tool kill done at +0.18s
2026-07-16 09:21:12,478 INFO gateway.run: Shutdown phase: SessionDB close done at +0.19s
2026-07-16 09:21:12,483 INFO gateway.run: Gateway stopped by an unexpected signal — persisting gateway_state=running so container_boot auto-starts on the next boot (issue #42675)
2026-07-16 09:21:12,515 INFO gateway.run: Gateway stopped (total teardown 0.23s)
2026-07-16 09:21:12,515 INFO gateway.run: Gateway housekeeping stopped
2026-07-16 09:21:12,616 INFO gateway.run: Exiting with code 1 (signal-initiated shutdown without restart request) so systemd Restart=on-failure can revive the gateway.
2026-07-16 09:21:22,300 INFO gateway.run: Starting Hermes Gateway...
2026-07-16 09:21:22,300 INFO gateway.run: Session storage: /opt/data/profiles/h01/sessions
2026-07-16 09:21:22,302 INFO gateway.run: Agent budget: max_iterations=90 (agent.max_turns from config.yaml, or HERMES_MAX_ITERATIONS from .env, or default 90)
2026-07-16 09:21:22,302 INFO gateway.run: Secret redaction: ENABLED (tool output, logs, and chat responses are scrubbed before delivery)
2026-07-16 09:21:22,303 INFO gateway.run: Active profile: h01
2026-07-16 09:21:22,342 INFO gateway.run: Previous gateway exited cleanly — skipping session suspension
2026-07-16 09:21:22,445 INFO gateway.run: Connecting to api_server...
2026-07-16 09:21:22,486 WARNING gateway.platforms.api_server: [Api_Server] API server is network-accessible (0.0.0.0) AND the terminal backend is 'local' (unsandboxed). Agent work dispatched through this endpoint runs as the host user with full terminal/file access. Strongly consider a sandboxed backend (terminal.backend: docker) and firewalling this port to trusted networks only.
2026-07-16 09:21:22,509 INFO gateway.platforms.api_server: [Api_Server] API server listening on http://0.0.0.0:8642 (model: h01)
2026-07-16 09:21:22,541 INFO gateway.run: ✓ api_server connected
2026-07-16 09:21:22,558 INFO gateway.run: Gateway running with 1 platform(s)
2026-07-16 09:21:22,577 INFO gateway.run: Channel directory built: 0 target(s)
2026-07-16 09:21:23,585 INFO gateway.run: Press Ctrl+C to stop
2026-07-16 09:21:23,604 INFO gateway.run: Gateway housekeeping started (interval=60s)
2026-07-16 09:21:23,629 INFO gateway.run: kanban dispatcher: holding singleton dispatcher lock (/opt/data/kanban/.dispatcher.lock)
2026-07-16 09:21:28,631 INFO gateway.run: kanban dispatcher: embedded in gateway (interval=60.0s)
2026-07-16 09:21:38,347 WARNING gateway.platforms.api_server: API server rejected invalid API key: remote='172.20.0.1' peer_ip='172.20.0.1' method='POST' path='/v1/responses' user_agent='curl/8.21.0'
2026-07-16 09:22:05,807 WARNING gateway.platforms.api_server: API server rejected invalid API key: remote='172.20.0.1' peer_ip='172.20.0.1' method='POST' path='/v1/responses' user_agent='curl/8.21.0'
2026-07-16 09:24:20,805 INFO gateway.run: Received SIGTERM — initiating shutdown
2026-07-16 09:24:20,805 WARNING gateway.run: Shutdown context: signal=SIGTERM under_systemd=no parent_pid=? parent_name=? loadavg_1m=0.13 parent_cmdline='(unknown)'
2026-07-16 09:24:20,807 INFO gateway.run: Stopping gateway...
2026-07-16 09:24:20,807 INFO gateway.run: Shutdown phase: notify_active_sessions done at +0.00s
2026-07-16 09:24:20,841 INFO gateway.run: Shutdown phase: drain done at +0.03s (drain took 0.03s, timed_out=False, active_at_start=0, active_now=0, cron_at_start=0, cron_now=0)
2026-07-16 09:24:20,898 INFO gateway.platforms.api_server: [Api_Server] API server stopped
2026-07-16 09:24:20,899 INFO gateway.run: ✓ api_server disconnected (0.06s)
2026-07-16 09:24:20,899 INFO gateway.run: Shutdown phase: all adapters disconnected at +0.09s
2026-07-16 09:24:20,904 INFO gateway.run: Shutdown phase: final-cleanup tool kill done at +0.10s
2026-07-16 09:24:20,959 INFO gateway.run: Shutdown phase: SessionDB close done at +0.15s
2026-07-16 09:24:20,968 INFO gateway.run: Gateway stopped by an unexpected signal — persisting gateway_state=running so container_boot auto-starts on the next boot (issue #42675)
2026-07-16 09:24:20,994 INFO gateway.run: Gateway stopped (total teardown 0.19s)
2026-07-16 09:24:20,994 INFO gateway.run: Gateway housekeeping stopped
2026-07-16 09:24:21,095 INFO gateway.run: Exiting with code 1 (signal-initiated shutdown without restart request) so systemd Restart=on-failure can revive the gateway.
2026-07-16 09:24:30,756 INFO gateway.run: Starting Hermes Gateway...
2026-07-16 09:24:30,756 INFO gateway.run: Session storage: /opt/data/profiles/h01/sessions
2026-07-16 09:24:30,758 INFO gateway.run: Agent budget: max_iterations=90 (agent.max_turns from config.yaml, or HERMES_MAX_ITERATIONS from .env, or default 90)
2026-07-16 09:24:30,758 INFO gateway.run: Secret redaction: ENABLED (tool output, logs, and chat responses are scrubbed before delivery)
2026-07-16 09:24:30,759 INFO gateway.run: Active profile: h01
2026-07-16 09:24:30,812 INFO gateway.run: Previous gateway exited cleanly — skipping session suspension
2026-07-16 09:24:30,901 INFO gateway.run: Connecting to api_server...
2026-07-16 09:24:30,959 WARNING gateway.platforms.api_server: [Api_Server] API server is network-accessible (0.0.0.0) AND the terminal backend is 'local' (unsandboxed). Agent work dispatched through this endpoint runs as the host user with full terminal/file access. Strongly consider a sandboxed backend (terminal.backend: docker) and firewalling this port to trusted networks only.
2026-07-16 09:24:30,990 INFO gateway.platforms.api_server: [Api_Server] API server listening on http://0.0.0.0:8642 (model: h01)
2026-07-16 09:24:31,033 INFO gateway.run: ✓ api_server connected
2026-07-16 09:24:31,050 INFO gateway.run: Gateway running with 1 platform(s)
2026-07-16 09:24:31,067 INFO gateway.run: Channel directory built: 0 target(s)
2026-07-16 09:24:32,076 INFO gateway.run: Press Ctrl+C to stop
2026-07-16 09:24:32,092 INFO gateway.run: Gateway housekeeping started (interval=60s)
2026-07-16 09:24:32,122 INFO gateway.run: kanban dispatcher: holding singleton dispatcher lock (/opt/data/kanban/.dispatcher.lock)
2026-07-16 09:24:37,125 INFO gateway.run: kanban dispatcher: embedded in gateway (interval=60.0s)
